
Yadira Zavala@DESKTOP-N0CPBBD MINGW64 ~
$ ls
 AppData/
'Application Data'@
 Contacts/
 Cookies@
 Desktop/
 Documents/
 Downloads/
 edb_psqlodbc.exe*
 Favorites/
 IntelGraphicsProfiles/
 Links/
'Local Settings'@
 Music/
'My Documents'@
 NetHood@
 NTUSER.DAT
 ntuser.dat.LOG1
 ntuser.dat.LOG2
 NTUSER.DAT{3bd2786a-4fa4-11e7-982b-974f7d23a221}.TxR.0.regtrans-ms
 NTUSER.DAT{3bd2786a-4fa4-11e7-982b-974f7d23a221}.TxR.1.regtrans-ms
 NTUSER.DAT{3bd2786a-4fa4-11e7-982b-974f7d23a221}.TxR.2.regtrans-ms
 NTUSER.DAT{3bd2786a-4fa4-11e7-982b-974f7d23a221}.TxR.blf
 NTUSER.DAT{3bd2786b-4fa4-11e7-982b-974f7d23a221}.TM.blf
 NTUSER.DAT{3bd2786b-4fa4-11e7-982b-974f7d23a221}.TMContainer00000000000000000001.regtrans-ms
 NTUSER.DAT{3bd2786b-4fa4-11e7-982b-974f7d23a221}.TMContainer00000000000000000002.regtrans-ms
 ntuser.ini
 OneDrive/
 Pictures/
 PrintHood@
 Recent@
'Saved Games'/
 Searches/
 SendTo@
'Start Menu'@
 Templates@
 Videos/

Yadira Zavala@DESKTOP-N0CPBBD MINGW64 ~
$ pwd
/c/Users/Yadira Zavala

Yadira Zavala@DESKTOP-N0CPBBD MINGW64 ~
$ cd

Yadira Zavala@DESKTOP-N0CPBBD MINGW64 ~
$ cd ../../

Yadira Zavala@DESKTOP-N0CPBBD MINGW64 /c
$ cd Projects/Jitterbit/Recipies/

Yadira Zavala@DESKTOP-N0CPBBD MINGW64 /c/Projects/Jitterbit/Recipies
$ ls
Jira_Harvest_Deployment_File.json
Jira_To_Harvest.jpk
migrate_magento_customers_to_servicenow_companies.jpk
migrate_magento_customers_to_servicenow_companies.json
migrate_magento_customers_to_servicenow_companies-configure.json
migrate_magento_customers_to_servicenow_company.jpk
POC.jpk

Yadira Zavala@DESKTOP-N0CPBBD MINGW64 /c/Projects/Jitterbit/Recipies
$ mkdir github

Yadira Zavala@DESKTOP-N0CPBBD MINGW64 /c/Projects/Jitterbit/Recipies
$ cd github

Yadira Zavala@DESKTOP-N0CPBBD MINGW64 /c/Projects/Jitterbit/Recipies/github
$ get
bash: get: command not found

Yadira Zavala@DESKTOP-N0CPBBD MINGW64 /c/Projects/Jitterbit/Recipies/github
$ git
usage: git [--version] [--help] [-C <path>] [-c name=value]
           [--exec-path[=<path>]] [--html-path] [--man-path] [--info-path]
           [-p | --paginate | --no-pager] [--no-replace-objects] [--bare]
           [--git-dir=<path>] [--work-tree=<path>] [--namespace=<name>]
           <command> [<args>]

These are common Git commands used in various situations:

start a working area (see also: git help tutorial)
   clone      Clone a repository into a new directory
   init       Create an empty Git repository or reinitialize an existing one

work on the current change (see also: git help everyday)
   add        Add file contents to the index
   mv         Move or rename a file, a directory, or a symlink
   reset      Reset current HEAD to the specified state
   rm         Remove files from the working tree and from the index

examine the history and state (see also: git help revisions)
   bisect     Use binary search to find the commit that introduced a bug
   grep       Print lines matching a pattern
   log        Show commit logs
   show       Show various types of objects
   status     Show the working tree status

grow, mark and tweak your common history
   branch     List, create, or delete branches
   checkout   Switch branches or restore working tree files
   commit     Record changes to the repository
   diff       Show changes between commits, commit and working tree, etc
   merge      Join two or more development histories together
   rebase     Reapply commits on top of another base tip
   tag        Create, list, delete or verify a tag object signed with GPG

collaborate (see also: git help workflows)
   fetch      Download objects and refs from another repository
   pull       Fetch from and integrate with another repository or a local branch
   push       Update remote refs along with associated objects

'git help -a' and 'git help -g' list available subcommands and some
concept guides. See 'git help <command>' or 'git help <concept>'
to read about a specific subcommand or concept.

Yadira Zavala@DESKTOP-N0CPBBD MINGW64 /c/Projects/Jitterbit/Recipies/github
$ git clone https://github.com/jitterbit/recipes.git
Cloning into 'recipes'...
remote: Counting objects: 8263, done.
remote: Total 8263 (delta 0), reused 0 (delta 0), pack-reused 8263
Receiving objects: 100% (8263/8263), 74.49 MiB | 829.00 KiB/s, done.
Resolving deltas: 100% (4368/4368), done.

Yadira Zavala@DESKTOP-N0CPBBD MINGW64 /c/Projects/Jitterbit/Recipies/github
$ git clone https://github.com/jitterbit/canonical-models.git
Cloning into 'canonical-models'...
remote: Counting objects: 334, done.
Receiving objecremote: Total 334 (delta 0), reused 0 (delta 0), pack-reused 333
Receiving objects: 100% (334/334), 105.40 KiB | 0 bytes/s, done.
Resolving deltas: 100% (174/174), done.

Yadira Zavala@DESKTOP-N0CPBBD MINGW64 /c/Projects/Jitterbit/Recipies/github
$
